// Jest Snapshot v1, https://goo.gl/fbAQLP

exports[`<HeaderText /> renders correctly 1`] = `
<Text
  style={
    Object {
      "color": "#ffffff",
      "fontSize": 17,
      "fontWeight": "600",
    }
  }
/>
`;
