// Jest Snapshot v1, https://goo.gl/fbAQLP

exports[`<Home /> renders correctly 1`] = `
<RCTSafeAreaView
  emulateUnlessSupported={true}
  style={
    Object {
      "flex": 1,
    }
  }
>
  <Text
    style={
      Object {
        "flex": 1,
        "fontSize": 17,
        "marginHorizontal": 10,
        "marginTop": 10,
      }
    }
  >
    You haven't photographed any moles yet. Click the camera icon at the bottom of the screen to begin photographing your moles.
  </Text>
  <View
    style={
      Object {
        "flexDirection": "row",
        "marginHorizontal": 5,
        "paddingVertical": 10,
      }
    }
  >
    <View
      accessible={true}
      focusable={true}
      onClick={[Function]}
      onResponderGrant={[Function]}
      onResponderMove={[Function]}
      onResponderRelease={[Function]}
      onResponderTerminate={[Function]}
      onResponderTerminationRequest={[Function]}
      onStartShouldSetResponder={[Function]}
      style={
        Object {
          "opacity": 1,
        }
      }
    >
      <Text
        style={
          Object {
            "color": "#3366ff",
            "fontSize": 17,
            "fontWeight": "bold",
            "marginBottom": 5,
            "marginHorizontal": 5,
          }
        }
      >
        About SCaRF
      </Text>
      <Image
        source={1}
        style={
          Object {
            "borderRadius": 10,
            "height": 360,
            "marginHorizontal": 5,
            "width": 360,
          }
        }
      />
    </View>
    <View
      accessible={true}
      focusable={true}
      onClick={[Function]}
      onResponderGrant={[Function]}
      onResponderMove={[Function]}
      onResponderRelease={[Function]}
      onResponderTerminate={[Function]}
      onResponderTerminationRequest={[Function]}
      onStartShouldSetResponder={[Function]}
      style={
        Object {
          "opacity": 1,
        }
      }
    >
      <Text
        style={
          Object {
            "color": "#3366ff",
            "fontSize": 17,
            "fontWeight": "bold",
            "marginBottom": 5,
            "marginHorizontal": 5,
          }
        }
      >
        Donate to SCaRF
      </Text>
      <Image
        source={1}
        style={
          Object {
            "borderRadius": 10,
            "height": 360,
            "marginHorizontal": 5,
            "width": 360,
          }
        }
      />
    </View>
  </View>
</RCTSafeAreaView>
`;
